2026-09-13 11:24:24.566156: I tensorflow/core/util/port.cc:153] oneDNN custom operations are on. You may see slightly different numerical results due to floating-point round-off errors from different computation orders. To turn them off, set the environment variable `TF_ENABLE_ONEDNN_OPTS=0`.
2026-09-13 11:24:24.638212: I tensorflow/core/platform/cpu_feature_guard.cc:210] This TensorFlow binary is optimized to use available CPU instructions in performance-critical operations.
To enable the following instructions: AVX2 AVX512F AVX512_VNNI FMA, in other operations, rebuild TensorFlow with the appropriate compiler flags.
Sliding Window Attention is enabled but not implemented for `sdpa`; unexpected results may be encountered.
trainable params: 4,358,144 || all params: 1,548,072,448 || trainable%: 0.2815
/usr/local/lib/python3.13/dist-packages/transformers/generation/configuration_utils.py:631: UserWarning: `do_sample` is set to `False`. However, `temperature` is set to `0.7` -- this flag is only used in sample-based generation modes. You should set `do_sample=True` or unset `temperature`.
  warnings.warn(
/usr/local/lib/python3.13/dist-packages/transformers/generation/configuration_utils.py:636: UserWarning: `do_sample` is set to `False`. However, `top_p` is set to `0.8` -- this flag is only used in sample-based generation modes. You should set `do_sample=True` or unset `top_p`.
  warnings.warn(
/usr/local/lib/python3.13/dist-packages/transformers/generation/configuration_utils.py:653: UserWarning: `do_sample` is set to `False`. However, `top_k` is set to `20` -- this flag is only used in sample-based generation modes. You should set `do_sample=True` or unset `top_k`.
  warnings.warn(
base test 4 / 60
base test 8 / 60
base test 12 / 60
base test 16 / 60
base test 20 / 60
base test 24 / 60
base test 28 / 60
base test 32 / 60
base test 36 / 60
base test 40 / 60
base test 44 / 60
base test 48 / 60
base test 52 / 60
base test 56 / 60
base test 60 / 60
base ood 4 / 60
base ood 8 / 60
base ood 12 / 60
base ood 16 / 60
base ood 20 / 60
base ood 24 / 60
base ood 28 / 60
base ood 32 / 60
base ood 36 / 60
base ood 40 / 60
base ood 44 / 60
base ood 48 / 60
base ood 52 / 60
base ood 56 / 60
base ood 60 / 60
base {"test": {"n": 60, "json_valid": 0.0, "action_correct": 0.0, "exact_action": 0.0, "executor_accepts": 0.0, "unsafe_edit": 0.0, "fence_normalized_exact_action": 0.43333333333333335, "exact_by_task": {"recompute": {"n": 10, "rate": 0.0}, "style:stroke": {"n": 10, "rate": 0.0}, "style:stroke-width": {"n": 10, "rate": 0.0}, "reject:missing_required_contour": {"n": 10, "rate": 0.0}, "move_label": {"n": 10, "rate": 0.0}, "reject:numerical_claim": {"n": 10, "rate": 0.0}}}, "ood": {"n": 60, "json_valid": 0.0, "action_correct": 0.0, "exact_action": 0.0, "executor_accepts": 0.0, "unsafe_edit": 0.0, "fence_normalized_exact_action": 0.4166666666666667, "exact_by_task": {"style:stroke": {"n": 10, "rate": 0.0}, "move_label": {"n": 10, "rate": 0.0}, "style:stroke-width": {"n": 10, "rate": 0.0}, "reject:numerical_claim": {"n": 10, "rate": 0.0}, "recompute": {"n": 10, "rate": 0.0}, "reject:missing_required_contour": {"n": 10, "rate": 0.0}}}}

  0%|          | 0/90 [00:00<?, ?it/s]
  1%|          | 1/90 [00:01<01:49,  1.23s/it]
  2%|▏         | 2/90 [00:02<01:38,  1.12s/it]
  3%|▎         | 3/90 [00:03<01:34,  1.09s/it]
  4%|▍         | 4/90 [00:04<01:32,  1.07s/it]
  6%|▌         | 5/90 [00:05<01:29,  1.06s/it]
                                              
{'loss': 0.1196, 'grad_norm': 0.28089553117752075, 'learning_rate': 0.00016, 'epoch': 0.17}

  6%|▌         | 5/90 [00:05<01:29,  1.06s/it]
  7%|▋         | 6/90 [00:06<01:28,  1.05s/it]
  8%|▊         | 7/90 [00:07<01:27,  1.05s/it]
  9%|▉         | 8/90 [00:08<01:26,  1.05s/it]
 10%|█         | 9/90 [00:09<01:25,  1.05s/it]
 11%|█         | 10/90 [00:10<01:23,  1.05s/it]
                                               
{'loss': 0.0232, 'grad_norm': 0.1990494430065155, 'learning_rate': 0.0001989091608371146, 'epoch': 0.33}

 11%|█         | 10/90 [00:10<01:23,  1.05s/it]
 12%|█▏        | 11/90 [00:11<01:22,  1.05s/it]
 13%|█▎        | 12/90 [00:12<01:21,  1.04s/it]
 14%|█▍        | 13/90 [00:13<01:20,  1.04s/it]
 16%|█▌        | 14/90 [00:14<01:18,  1.04s/it]
 17%|█▋        | 15/90 [00:15<01:17,  1.04s/it]
                                               
{'loss': 0.0027, 'grad_norm': 0.011190253309905529, 'learning_rate': 0.00019451838281608197, 'epoch': 0.5}

 17%|█▋        | 15/90 [00:15<01:17,  1.04s/it]
 18%|█▊        | 16/90 [00:16<01:16,  1.04s/it]
 19%|█▉        | 17/90 [00:17<01:15,  1.03s/it]
 20%|██        | 18/90 [00:18<01:13,  1.03s/it]
 21%|██        | 19/90 [00:19<01:13,  1.03s/it]
 22%|██▏       | 20/90 [00:20<01:12,  1.04s/it]
                                               
{'loss': 0.0003, 'grad_norm': 0.003990691155195236, 'learning_rate': 0.00018690889463055283, 'epoch': 0.67}

 22%|██▏       | 20/90 [00:20<01:12,  1.04s/it]
 23%|██▎       | 21/90 [00:22<01:11,  1.04s/it]
 24%|██▍       | 22/90 [00:23<01:10,  1.03s/it]
 26%|██▌       | 23/90 [00:24<01:09,  1.03s/it]
 27%|██▋       | 24/90 [00:25<01:08,  1.03s/it]
 28%|██▊       | 25/90 [00:26<01:07,  1.04s/it]
                                               
{'loss': 0.0002, 'grad_norm': 0.002126385224983096, 'learning_rate': 0.00017633982827411032, 'epoch': 0.83}

 28%|██▊       | 25/90 [00:26<01:07,  1.04s/it]
 29%|██▉       | 26/90 [00:27<01:06,  1.03s/it]
 30%|███       | 27/90 [00:28<01:05,  1.03s/it]
 31%|███       | 28/90 [00:29<01:04,  1.04s/it]
 32%|███▏      | 29/90 [00:30<01:03,  1.03s/it]
 33%|███▎      | 30/90 [00:31<01:02,  1.04s/it]
                                               
{'loss': 0.0001, 'grad_norm': 0.0018017315305769444, 'learning_rate': 0.0001631711006253251, 'epoch': 1.0}

 33%|███▎      | 30/90 [00:31<01:02,  1.04s/it]

  0%|          | 0/15 [00:00<?, ?it/s][A

 20%|██        | 3/15 [00:00<00:00, 19.18it/s][A

 33%|███▎      | 5/15 [00:00<00:00, 15.19it/s][A

 47%|████▋     | 7/15 [00:00<00:00, 14.04it/s][A

 60%|██████    | 9/15 [00:00<00:00, 13.36it/s][A

 73%|███████▎  | 11/15 [00:00<00:00, 12.91it/s][A

 87%|████████▋ | 13/15 [00:00<00:00, 12.86it/s][A

100%|██████████| 15/15 [00:01<00:00, 12.93it/s][A
                                               

                                               
[A{'eval_loss': 0.00010146109707420692, 'eval_runtime': 1.1964, 'eval_samples_per_second': 50.152, 'eval_steps_per_second': 12.538, 'epoch': 1.0}

 33%|███▎      | 30/90 [00:32<01:02,  1.04s/it]

100%|██████████| 15/15 [00:01<00:00, 12.93it/s][A

                                               [A
 34%|███▍      | 31/90 [00:33<01:27,  1.48s/it]
 36%|███▌      | 32/90 [00:34<01:18,  1.35s/it]
 37%|███▋      | 33/90 [00:35<01:11,  1.25s/it]
 38%|███▊      | 34/90 [00:36<01:06,  1.19s/it]
 39%|███▉      | 35/90 [00:37<01:02,  1.14s/it]
                                               
{'loss': 0.0001, 'grad_norm': 0.0010045968228951097, 'learning_rate': 0.00014785115691012864, 'epoch': 1.17}

 39%|███▉      | 35/90 [00:37<01:02,  1.14s/it]
 40%|████      | 36/90 [00:39<00:59,  1.11s/it]
 41%|████      | 37/90 [00:40<00:57,  1.09s/it]
 42%|████▏     | 38/90 [00:41<00:55,  1.07s/it]
 43%|████▎     | 39/90 [00:42<00:54,  1.06s/it]
 44%|████▍     | 40/90 [00:43<00:52,  1.06s/it]
                                               
{'loss': 0.0001, 'grad_norm': 0.0010928576812148094, 'learning_rate': 0.00013090169943749476, 'epoch': 1.33}

 44%|████▍     | 40/90 [00:43<00:52,  1.06s/it]
 46%|████▌     | 41/90 [00:44<00:51,  1.06s/it]
 47%|████▋     | 42/90 [00:45<00:50,  1.05s/it]
 48%|████▊     | 43/90 [00:46<00:49,  1.04s/it]
 49%|████▉     | 44/90 [00:47<00:47,  1.04s/it]
 50%|█████     | 45/90 [00:48<00:46,  1.04s/it]
                                               
{'loss': 0.0001, 'grad_norm': 0.000596413912717253, 'learning_rate': 0.00011289992165302035, 'epoch': 1.5}

 50%|█████     | 45/90 [00:48<00:46,  1.04s/it]
 51%|█████     | 46/90 [00:49<00:45,  1.04s/it]
 52%|█████▏    | 47/90 [00:50<00:44,  1.03s/it]
 53%|█████▎    | 48/90 [00:51<00:43,  1.04s/it]
 54%|█████▍    | 49/90 [00:52<00:42,  1.04s/it]
 56%|█████▌    | 50/90 [00:53<00:41,  1.04s/it]
                                               
{'loss': 0.0001, 'grad_norm': 0.0007878005271777511, 'learning_rate': 9.4458852508403e-05, 'epoch': 1.67}

 56%|█████▌    | 50/90 [00:53<00:41,  1.04s/it]
 57%|█████▋    | 51/90 [00:54<00:40,  1.05s/it]
 58%|█████▊    | 52/90 [00:55<00:39,  1.05s/it]
 59%|█████▉    | 53/90 [00:56<00:38,  1.04s/it]
 60%|██████    | 54/90 [00:58<00:41,  1.15s/it]
 61%|██████    | 55/90 [00:59<00:39,  1.11s/it]
                                               
{'loss': 0.0001, 'grad_norm': 0.0006315187201835215, 'learning_rate': 7.620648049573815e-05, 'epoch': 1.83}

 61%|██████    | 55/90 [00:59<00:39,  1.11s/it]
 62%|██████▏   | 56/90 [01:00<00:37,  1.09s/it]
 63%|██████▎   | 57/90 [01:01<00:35,  1.07s/it]
 64%|██████▍   | 58/90 [01:02<00:33,  1.05s/it]
 66%|██████▌   | 59/90 [01:03<00:32,  1.04s/it]
 67%|██████▋   | 60/90 [01:04<00:31,  1.03s/it]
                                               
{'loss': 0.0001, 'grad_norm': 0.0006481057498604059, 'learning_rate': 5.876436825260967e-05, 'epoch': 2.0}

 67%|██████▋   | 60/90 [01:04<00:31,  1.03s/it]

  0%|          | 0/15 [00:00<?, ?it/s][A

 20%|██        | 3/15 [00:00<00:00, 19.68it/s][A

 33%|███▎      | 5/15 [00:00<00:00, 15.82it/s][A

 47%|████▋     | 7/15 [00:00<00:00, 14.55it/s][A

 60%|██████    | 9/15 [00:00<00:00, 13.96it/s][A

 73%|███████▎  | 11/15 [00:00<00:00, 13.61it/s][A

 87%|████████▋ | 13/15 [00:00<00:00, 13.41it/s][A

100%|██████████| 15/15 [00:01<00:00, 13.33it/s][A
                                               

                                               
[A{'eval_loss': 6.586792733287439e-05, 'eval_runtime': 1.1551, 'eval_samples_per_second': 51.942, 'eval_steps_per_second': 12.985, 'epoch': 2.0}

 67%|██████▋   | 60/90 [01:05<00:31,  1.03s/it]

100%|██████████| 15/15 [00:01<00:00, 13.33it/s][A

                                               [A
 68%|██████▊   | 61/90 [01:06<00:42,  1.46s/it]
 69%|██████▉   | 62/90 [01:07<00:37,  1.34s/it]
 70%|███████   | 63/90 [01:08<00:33,  1.24s/it]
 71%|███████   | 64/90 [01:09<00:30,  1.18s/it]
 72%|███████▏  | 65/90 [01:10<00:28,  1.13s/it]
                                               
{'loss': 0.0001, 'grad_norm': 0.0007326332270167768, 'learning_rate': 4.272648599194948e-05, 'epoch': 2.17}

 72%|███████▏  | 65/90 [01:10<00:28,  1.13s/it]
 73%|███████▎  | 66/90 [01:11<00:26,  1.10s/it]
 74%|███████▍  | 67/90 [01:12<00:24,  1.07s/it]
 76%|███████▌  | 68/90 [01:13<00:23,  1.05s/it]
 77%|███████▋  | 69/90 [01:14<00:21,  1.04s/it]
 78%|███████▊  | 70/90 [01:15<00:20,  1.03s/it]
                                               
{'loss': 0.0001, 'grad_norm': 0.0005691254627890885, 'learning_rate': 2.8638984558824777e-05, 'epoch': 2.33}

 78%|███████▊  | 70/90 [01:15<00:20,  1.03s/it]
 79%|███████▉  | 71/90 [01:16<00:19,  1.03s/it]
 80%|████████  | 72/90 [01:17<00:18,  1.03s/it]
 81%|████████  | 73/90 [01:18<00:17,  1.04s/it]
 82%|████████▏ | 74/90 [01:20<00:16,  1.03s/it]
 83%|████████▎ | 75/90 [01:21<00:15,  1.03s/it]
                                               
{'loss': 0.0001, 'grad_norm': 0.0005878453375771642, 'learning_rate': 1.6981596918444953e-05, 'epoch': 2.5}

 83%|████████▎ | 75/90 [01:21<00:15,  1.03s/it]
 84%|████████▍ | 76/90 [01:22<00:14,  1.03s/it]
 86%|████████▌ | 77/90 [01:23<00:13,  1.03s/it]
 87%|████████▋ | 78/90 [01:24<00:12,  1.03s/it]
 88%|████████▊ | 79/90 [01:25<00:11,  1.03s/it]
 89%|████████▉ | 80/90 [01:26<00:10,  1.03s/it]
                                               
{'loss': 0.0001, 'grad_norm': 0.0007334615220315754, 'learning_rate': 8.151301425407699e-06, 'epoch': 2.67}

 89%|████████▉ | 80/90 [01:26<00:10,  1.03s/it]
 90%|█████████ | 81/90 [01:27<00:09,  1.02s/it]
 91%|█████████ | 82/90 [01:28<00:08,  1.02s/it]
 92%|█████████▏| 83/90 [01:29<00:07,  1.02s/it]
 93%|█████████▎| 84/90 [01:30<00:06,  1.03s/it]
 94%|█████████▍| 85/90 [01:31<00:05,  1.03s/it]
                                               
{'loss': 0.0001, 'grad_norm': 0.0006221034564077854, 'learning_rate': 2.4488032019563402e-06, 'epoch': 2.83}

 94%|█████████▍| 85/90 [01:31<00:05,  1.03s/it]
 96%|█████████▌| 86/90 [01:32<00:04,  1.03s/it]
 97%|█████████▋| 87/90 [01:33<00:03,  1.03s/it]
 98%|█████████▊| 88/90 [01:34<00:02,  1.03s/it]
 99%|█████████▉| 89/90 [01:35<00:01,  1.03s/it]
100%|██████████| 90/90 [01:36<00:00,  1.03s/it]
                                               
{'loss': 0.0001, 'grad_norm': 0.0006770661566406488, 'learning_rate': 6.829398569770939e-08, 'epoch': 3.0}

100%|██████████| 90/90 [01:36<00:00,  1.03s/it]

  0%|          | 0/15 [00:00<?, ?it/s][A

 20%|██        | 3/15 [00:00<00:00, 19.26it/s][A

 33%|███▎      | 5/15 [00:00<00:00, 15.53it/s][A

 47%|████▋     | 7/15 [00:00<00:00, 14.36it/s][A

 60%|██████    | 9/15 [00:00<00:00, 13.84it/s][A

 73%|███████▎  | 11/15 [00:00<00:00, 13.60it/s][A

 87%|████████▋ | 13/15 [00:00<00:00, 13.44it/s][A

100%|██████████| 15/15 [00:01<00:00, 13.37it/s][A
                                               

                                               
[A{'eval_loss': 6.378963735187426e-05, 'eval_runtime': 1.1596, 'eval_samples_per_second': 51.742, 'eval_steps_per_second': 12.936, 'epoch': 3.0}

100%|██████████| 90/90 [01:37<00:00,  1.03s/it]

100%|██████████| 15/15 [00:01<00:00, 13.37it/s][A

                                               [A
                                               
{'train_runtime': 97.8464, 'train_samples_per_second': 11.038, 'train_steps_per_second': 0.92, 'train_loss': 0.00816777045515159, 'epoch': 3.0}

100%|██████████| 90/90 [01:37<00:00,  1.03s/it]
100%|██████████| 90/90 [01:37<00:00,  1.09s/it]
/usr/local/lib/python3.13/dist-packages/transformers/generation/configuration_utils.py:631: UserWarning: `do_sample` is set to `False`. However, `temperature` is set to `0.7` -- this flag is only used in sample-based generation modes. You should set `do_sample=True` or unset `temperature`.
  warnings.warn(
/usr/local/lib/python3.13/dist-packages/transformers/generation/configuration_utils.py:636: UserWarning: `do_sample` is set to `False`. However, `top_p` is set to `0.8` -- this flag is only used in sample-based generation modes. You should set `do_sample=True` or unset `top_p`.
  warnings.warn(
/usr/local/lib/python3.13/dist-packages/transformers/generation/configuration_utils.py:653: UserWarning: `do_sample` is set to `False`. However, `top_k` is set to `20` -- this flag is only used in sample-based generation modes. You should set `do_sample=True` or unset `top_k`.
  warnings.warn(
sft test 4 / 60
sft test 8 / 60
sft test 12 / 60
sft test 16 / 60
sft test 20 / 60
sft test 24 / 60
sft test 28 / 60
sft test 32 / 60
sft test 36 / 60
sft test 40 / 60
sft test 44 / 60
sft test 48 / 60
sft test 52 / 60
sft test 56 / 60
sft test 60 / 60
sft ood 4 / 60
sft ood 8 / 60
sft ood 12 / 60
sft ood 16 / 60
sft ood 20 / 60
sft ood 24 / 60
sft ood 28 / 60
sft ood 32 / 60
sft ood 36 / 60
sft ood 40 / 60
sft ood 44 / 60
sft ood 48 / 60
sft ood 52 / 60
sft ood 56 / 60
sft ood 60 / 60
sft {"test": {"n": 60, "json_valid": 1.0, "action_correct": 1.0, "exact_action": 1.0, "executor_accepts": 1.0, "unsafe_edit": 0.0, "fence_normalized_exact_action": 1.0, "exact_by_task": {"recompute": {"n": 10, "rate": 1.0}, "style:stroke": {"n": 10, "rate": 1.0}, "style:stroke-width": {"n": 10, "rate": 1.0}, "reject:missing_required_contour": {"n": 10, "rate": 1.0}, "move_label": {"n": 10, "rate": 1.0}, "reject:numerical_claim": {"n": 10, "rate": 1.0}}}, "ood": {"n": 60, "json_valid": 1.0, "action_correct": 1.0, "exact_action": 1.0, "executor_accepts": 1.0, "unsafe_edit": 0.0, "fence_normalized_exact_action": 1.0, "exact_by_task": {"style:stroke": {"n": 10, "rate": 1.0}, "move_label": {"n": 10, "rate": 1.0}, "style:stroke-width": {"n": 10, "rate": 1.0}, "reject:numerical_claim": {"n": 10, "rate": 1.0}, "recompute": {"n": 10, "rate": 1.0}, "reject:missing_required_contour": {"n": 10, "rate": 1.0}}}}
RUN COMPLETE /content/cvpr2027-a100/seed-29
