Sliding Window Attention is enabled but not implemented for `sdpa`; unexpected results may be encountered.
/home/iit/svg-compute/20260917T153529557690Z/cvpr2027/.venv-remote/lib/python3.12/site-packages/transformers/generation/configuration_utils.py:631: UserWarning: `do_sample` is set to `False`. However, `temperature` is set to `0.7` -- this flag is only used in sample-based generation modes. You should set `do_sample=True` or unset `temperature`.
  warnings.warn(
/home/iit/svg-compute/20260917T153529557690Z/cvpr2027/.venv-remote/lib/python3.12/site-packages/transformers/generation/configuration_utils.py:636: UserWarning: `do_sample` is set to `False`. However, `top_p` is set to `0.8` -- this flag is only used in sample-based generation modes. You should set `do_sample=True` or unset `top_p`.
  warnings.warn(
/home/iit/svg-compute/20260917T153529557690Z/cvpr2027/.venv-remote/lib/python3.12/site-packages/transformers/generation/configuration_utils.py:653: UserWarning: `do_sample` is set to `False`. However, `top_k` is set to `20` -- this flag is only used in sample-based generation modes. You should set `do_sample=True` or unset `top_k`.
  warnings.warn(
17 test-0006-3 True
17 test-0007-0 True
17 test-0001-1 True
17 test-0007-5 True
17 test-0004-2 True
17 test-0008-4 True
29 test-0006-3 True
29 test-0007-0 True
29 test-0001-1 True
29 test-0007-5 True
29 test-0004-2 True
29 test-0008-4 True
41 test-0006-3 True
41 test-0007-0 True
41 test-0001-1 True
41 test-0007-5 True
41 test-0004-2 True
41 test-0008-4 True
ADAPTER RELOAD VERIFIED
