Collecting pip
  Downloading pip-26.2.1-py3-none-any.whl.metadata (4.6 kB)
Downloading pip-26.2.1-py3-none-any.whl (1.8 MB)
   ━━━━━━━━━━━━━━━━━━━━━━━━━━━━━━━━━━━━━━━━ 1.8/1.8 MB 987.3 kB/s  0:00:02
Installing collected packages: pip
Successfully installed pip-26.2.1
Collecting torch
  Downloading torch-2.14.0-cp312-cp312-manylinux_2_28_x86_64.whl.metadata (37 kB)
Collecting filelock (from torch)
  Downloading filelock-4.0.0-py3-none-any.whl.metadata (2.0 kB)
Collecting typing-extensions>=4.10.0 (from torch)
  Downloading typing_extensions-4.16.0-py3-none-any.whl.metadata (3.3 kB)
Collecting setuptools>=77.0.3 (from torch)
  Downloading setuptools-84.0.0-py3-none-any.whl.metadata (6.6 kB)
Collecting sympy>=1.13.3 (from torch)
  Downloading sympy-1.14.0-py3-none-any.whl.metadata (12 kB)
Collecting networkx>=2.5.1 (from torch)
  Downloading networkx-3.6.1-py3-none-any.whl.metadata (6.8 kB)
Requirement already satisfied: jinja2 in /usr/lib/python3/dist-packages (from torch) (3.1.2)
Collecting fsspec>=0.8.5 (from torch)
  Downloading fsspec-2026.7.0-py3-none-any.whl.metadata (10 kB)
Collecting cuda-toolkit==13.0.3 (from cuda-toolkit[cublas,cudart,cufft,cufile,cupti,curand,cusolver,cusparse,nvjitlink,nvrtc,nvtx]==13.0.3; platform_system == "Linux"->torch)
  Downloading cuda_toolkit-13.0.3.0-py2.py3-none-any.whl.metadata (17 kB)
Collecting cuda-bindings<14,>=13.0.3 (from torch)
  Downloading cuda_bindings-13.4.1-cp312-cp312-manylinux_2_24_x86_64.manylinux_2_28_x86_64.whl.metadata (2.4 kB)
Collecting nvidia-cudnn-cu13==9.24.0.43 (from torch)
  Downloading nvidia_cudnn_cu13-9.24.0.43-py3-none-manylinux_2_27_x86_64.whl.metadata (1.9 kB)
Collecting nvidia-cusparselt-cu13==0.8.1 (from torch)
  Downloading nvidia_cusparselt_cu13-0.8.1-py3-none-manylinux2014_x86_64.whl.metadata (12 kB)
Collecting nvidia-nccl-cu13==2.30.7 (from torch)
  Downloading nvidia_nccl_cu13-2.30.7-py3-none-manylinux_2_18_x86_64.whl.metadata (2.1 kB)
Collecting nvidia-nvshmem-cu13==3.4.5 (from torch)
  Downloading nvidia_nvshmem_cu13-3.4.5-py3-none-manylinux2014_x86_64.manylinux_2_17_x86_64.whl.metadata (2.1 kB)
Collecting triton~=3.8.0 (from torch)
  Downloading triton-3.8.0-cp312-cp312-manylinux_2_27_x86_64.manylinux_2_28_x86_64.whl.metadata (978 bytes)
Collecting nvidia-cublas==13.1.1.3.* (from cuda-toolkit[cublas,cudart,cufft,cufile,cupti,curand,cusolver,cusparse,nvjitlink,nvrtc,nvtx]==13.0.3; platform_system == "Linux"->torch)
  Downloading nvidia_cublas-13.1.1.3-py3-none-manylinux_2_27_x86_64.whl.metadata (1.8 kB)
Collecting nvidia-cuda-nvrtc==13.0.88.* (from cuda-toolkit[cublas,cudart,cufft,cufile,cupti,curand,cusolver,cusparse,nvjitlink,nvrtc,nvtx]==13.0.3; platform_system == "Linux"->torch)
  Downloading nvidia_cuda_nvrtc-13.0.88-py3-none-manylinux2010_x86_64.manylinux_2_12_x86_64.whl.metadata (1.7 kB)
Collecting nvidia-cuda-runtime==13.0.96.* (from cuda-toolkit[cublas,cudart,cufft,cufile,cupti,curand,cusolver,cusparse,nvjitlink,nvrtc,nvtx]==13.0.3; platform_system == "Linux"->torch)
  Downloading nvidia_cuda_runtime-13.0.96-py3-none-manylinux2014_x86_64.manylinux_2_17_x86_64.whl.metadata (1.7 kB)
Collecting nvidia-cufft==12.0.0.61.* (from cuda-toolkit[cublas,cudart,cufft,cufile,cupti,curand,cusolver,cusparse,nvjitlink,nvrtc,nvtx]==13.0.3; platform_system == "Linux"->torch)
  Downloading nvidia_cufft-12.0.0.61-py3-none-manylinux2014_x86_64.manylinux_2_17_x86_64.whl.metadata (1.8 kB)
Collecting nvidia-nvjitlink<14,>=13.0.88 (from cuda-toolkit[cublas,cudart,cufft,cufile,cupti,curand,cusolver,cusparse,nvjitlink,nvrtc,nvtx]==13.0.3; platform_system == "Linux"->torch)
  Downloading nvidia_nvjitlink-13.4.92-py3-none-manylinux2010_x86_64.manylinux_2_12_x86_64.whl.metadata (1.8 kB)
Collecting nvidia-cufile==1.15.1.6.* (from cuda-toolkit[cublas,cudart,cufft,cufile,cupti,curand,cusolver,cusparse,nvjitlink,nvrtc,nvtx]==13.0.3; platform_system == "Linux"->torch)
  Downloading nvidia_cufile-1.15.1.6-py3-none-manylinux2014_x86_64.manylinux_2_17_x86_64.whl.metadata (1.7 kB)
Collecting nvidia-cuda-cupti==13.0.85.* (from cuda-toolkit[cublas,cudart,cufft,cufile,cupti,curand,cusolver,cusparse,nvjitlink,nvrtc,nvtx]==13.0.3; platform_system == "Linux"->torch)
  Downloading nvidia_cuda_cupti-13.0.85-py3-none-manylinux_2_25_x86_64.whl.metadata (1.7 kB)
Collecting nvidia-curand==10.4.0.35.* (from cuda-toolkit[cublas,cudart,cufft,cufile,cupti,curand,cusolver,cusparse,nvjitlink,nvrtc,nvtx]==13.0.3; platform_system == "Linux"->torch)
  Downloading nvidia_curand-10.4.0.35-py3-none-manylinux_2_27_x86_64.whl.metadata (1.7 kB)
Collecting nvidia-cusolver==12.0.4.66.* (from cuda-toolkit[cublas,cudart,cufft,cufile,cupti,curand,cusolver,cusparse,nvjitlink,nvrtc,nvtx]==13.0.3; platform_system == "Linux"->torch)
  Downloading nvidia_cusolver-12.0.4.66-py3-none-manylinux_2_27_x86_64.whl.metadata (1.8 kB)
Collecting nvidia-cusparse==12.6.3.3.* (from cuda-toolkit[cublas,cudart,cufft,cufile,cupti,curand,cusolver,cusparse,nvjitlink,nvrtc,nvtx]==13.0.3; platform_system == "Linux"->torch)
  Downloading nvidia_cusparse-12.6.3.3-py3-none-manylinux2014_x86_64.manylinux_2_17_x86_64.whl.metadata (1.8 kB)
Collecting nvidia-nvtx==13.0.85.* (from cuda-toolkit[cublas,cudart,cufft,cufile,cupti,curand,cusolver,cusparse,nvjitlink,nvrtc,nvtx]==13.0.3; platform_system == "Linux"->torch)
  Downloading nvidia_nvtx-13.0.85-py3-none-manylinux1_x86_64.manylinux_2_5_x86_64.whl.metadata (1.8 kB)
Collecting cuda-pathfinder>=1.4.2 (from cuda-bindings<14,>=13.0.3->torch)
  Downloading cuda_pathfinder-1.8.1-py3-none-any.whl.metadata (1.9 kB)
Collecting mpmath<1.4,>=1.1.0 (from sympy>=1.13.3->torch)
  Downloading mpmath-1.3.0-py3-none-any.whl.metadata (8.6 kB)
Downloading torch-2.14.0-cp312-cp312-manylinux_2_28_x86_64.whl (554.6 MB)
   ━━━━━━━━━━━━━━━━━━━━━━━━━━━━━━━━━━━━━━━━ 554.6/554.6 MB 12.6 MB/s  0:00:41
Downloading cuda_toolkit-13.0.3.0-py2.py3-none-any.whl (2.5 kB)
Downloading nvidia_cudnn_cu13-9.24.0.43-py3-none-manylinux_2_27_x86_64.whl (553.1 MB)
   ━━━━━━━━━━━━━━━━━━━━━━━━━━━━━━━━━━━━━━━━ 553.1/553.1 MB 19.2 MB/s  0:00:34
Downloading nvidia_cusparselt_cu13-0.8.1-py3-none-manylinux2014_x86_64.whl (170.1 MB)
   ━━━━━━━━━━━━━━━━━━━━━━━━━━━━━━━━━━━━━━━━ 170.1/170.1 MB 14.6 MB/s  0:00:11
Downloading nvidia_nccl_cu13-2.30.7-py3-none-manylinux_2_18_x86_64.whl (216.0 MB)
   ━━━━━━━━━━━━━━━━━━━━━━━━━━━━━━━━━━━━━━━━ 216.0/216.0 MB 13.5 MB/s  0:00:15
Downloading nvidia_nvshmem_cu13-3.4.5-py3-none-manylinux2014_x86_64.manylinux_2_17_x86_64.whl (60.4 MB)
   ━━━━━━━━━━━━━━━━━━━━━━━━━━━━━━━━━━━━━━━━ 60.4/60.4 MB 14.4 MB/s  0:00:04
Downloading cuda_bindings-13.4.1-cp312-cp312-manylinux_2_24_x86_64.manylinux_2_28_x86_64.whl (7.2 MB)
   ━━━━━━━━━━━━━━━━━━━━━━━━━━━━━━━━━━━━━━━━ 7.2/7.2 MB 17.3 MB/s  0:00:00
Downloading nvidia_cublas-13.1.1.3-py3-none-manylinux_2_27_x86_64.whl (423.1 MB)
   ━━━━━━━━━━━━━━━━━━━━━━━━━━━━━━━━━━━━━━━━ 423.1/423.1 MB 11.2 MB/s  0:00:34
Downloading nvidia_cuda_cupti-13.0.85-py3-none-manylinux_2_25_x86_64.whl (10.7 MB)
   ━━━━━━━━━━━━━━━━━━━━━━━━━━━━━━━━━━━━━━━━ 10.7/10.7 MB 12.0 MB/s  0:00:00
Downloading nvidia_cuda_nvrtc-13.0.88-py3-none-manylinux2010_x86_64.manylinux_2_12_x86_64.whl (90.2 MB)
   ━━━━━━━━━━━━━━━━━━━━━━━━━━━━━━━━━━━━━━━━ 90.2/90.2 MB 11.1 MB/s  0:00:08
Downloading nvidia_cuda_runtime-13.0.96-py3-none-manylinux2014_x86_64.manylinux_2_17_x86_64.whl (2.2 MB)
   ━━━━━━━━━━━━━━━━━━━━━━━━━━━━━━━━━━━━━━━━ 2.2/2.2 MB 12.3 MB/s  0:00:00
Downloading nvidia_cufft-12.0.0.61-py3-none-manylinux2014_x86_64.manylinux_2_17_x86_64.whl (214.1 MB)
   ━━━━━━━━━━━━━━━━━━━━━━━━━━━━━━━━━━━━━━━━ 214.1/214.1 MB 10.1 MB/s  0:00:21
Downloading nvidia_cufile-1.15.1.6-py3-none-manylinux2014_x86_64.manylinux_2_17_x86_64.whl (1.2 MB)
   ━━━━━━━━━━━━━━━━━━━━━━━━━━━━━━━━━━━━━━━━ 1.2/1.2 MB 10.3 MB/s  0:00:00
Downloading nvidia_curand-10.4.0.35-py3-none-manylinux_2_27_x86_64.whl (59.5 MB)
   ━━━━━━━━━━━━━━━━━━━━━━━━━━━━━━━━━━━━━━━━ 59.5/59.5 MB 11.9 MB/s  0:00:05
Downloading nvidia_cusolver-12.0.4.66-py3-none-manylinux_2_27_x86_64.whl (200.9 MB)
   ━━━━━━━━━━━━━━━━━━━━━━━━━━━━━━━━━━━━━━━━ 200.9/200.9 MB 13.3 MB/s  0:00:15
Downloading nvidia_cusparse-12.6.3.3-py3-none-manylinux2014_x86_64.manylinux_2_17_x86_64.whl (145.9 MB)
   ━━━━━━━━━━━━━━━━━━━━━━━━━━━━━━━━━━━━━━━━ 145.9/145.9 MB 13.1 MB/s  0:00:11
Downloading nvidia_nvjitlink-13.4.92-py3-none-manylinux2010_x86_64.manylinux_2_12_x86_64.whl (42.5 MB)
   ━━━━━━━━━━━━━━━━━━━━━━━━━━━━━━━━━━━━━━━━ 42.5/42.5 MB 11.6 MB/s  0:00:03
Downloading nvidia_nvtx-13.0.85-py3-none-manylinux1_x86_64.manylinux_2_5_x86_64.whl (148 kB)
Downloading triton-3.8.0-cp312-cp312-manylinux_2_27_x86_64.manylinux_2_28_x86_64.whl (248.0 MB)
   ━━━━━━━━━━━━━━━━━━━━━━━━━━━━━━━━━━━━━━━━ 248.0/248.0 MB 12.1 MB/s  0:00:20
Downloading cuda_pathfinder-1.8.1-py3-none-any.whl (62 kB)
Downloading fsspec-2026.7.0-py3-none-any.whl (206 kB)
Downloading networkx-3.6.1-py3-none-any.whl (2.1 MB)
   ━━━━━━━━━━━━━━━━━━━━━━━━━━━━━━━━━━━━━━━━ 2.1/2.1 MB 11.7 MB/s  0:00:00
Downloading setuptools-84.0.0-py3-none-any.whl (818 kB)
   ━━━━━━━━━━━━━━━━━━━━━━━━━━━━━━━━━━━━━━━━ 818.2/818.2 kB 12.9 MB/s  0:00:00
Downloading sympy-1.14.0-py3-none-any.whl (6.3 MB)
   ━━━━━━━━━━━━━━━━━━━━━━━━━━━━━━━━━━━━━━━━ 6.3/6.3 MB 9.5 MB/s  0:00:00
Downloading mpmath-1.3.0-py3-none-any.whl (536 kB)
   ━━━━━━━━━━━━━━━━━━━━━━━━━━━━━━━━━━━━━━━━ 536.2/536.2 kB 12.9 MB/s  0:00:00
Downloading typing_extensions-4.16.0-py3-none-any.whl (45 kB)
Downloading filelock-4.0.0-py3-none-any.whl (106 kB)
Installing collected packages: nvidia-cusparselt-cu13, mpmath, cuda-toolkit, typing-extensions, triton, sympy, setuptools, nvidia-nvtx, nvidia-nvshmem-cu13, nvidia-nvjitlink, nvidia-nccl-cu13, nvidia-curand, nvidia-cufile, nvidia-cuda-runtime, nvidia-cuda-nvrtc, nvidia-cuda-cupti, networkx, fsspec, filelock, cuda-pathfinder, nvidia-cusparse, nvidia-cufft, nvidia-cublas, cuda-bindings, nvidia-cusolver, nvidia-cudnn-cu13, torch
  Attempting uninstall: setuptools
    Found existing installation: setuptools 68.1.2
    Not uninstalling setuptools at /usr/lib/python3/dist-packages, outside environment /home/iit/svg-compute/20260917T153529557690Z/cvpr2027/.venv-remote
    Can't uninstall 'setuptools'. No files were found to uninstall.

Successfully installed cuda-bindings-13.4.1 cuda-pathfinder-1.8.1 cuda-toolkit-13.0.3.0 filelock-4.0.0 fsspec-2026.7.0 mpmath-1.3.0 networkx-3.6.1 nvidia-cublas-13.1.1.3 nvidia-cuda-cupti-13.0.85 nvidia-cuda-nvrtc-13.0.88 nvidia-cuda-runtime-13.0.96 nvidia-cudnn-cu13-9.24.0.43 nvidia-cufft-12.0.0.61 nvidia-cufile-1.15.1.6 nvidia-curand-10.4.0.35 nvidia-cusolver-12.0.4.66 nvidia-cusparse-12.6.3.3 nvidia-cusparselt-cu13-0.8.1 nvidia-nccl-cu13-2.30.7 nvidia-nvjitlink-13.4.92 nvidia-nvshmem-cu13-3.4.5 nvidia-nvtx-13.0.85 setuptools-84.0.0 sympy-1.14.0 torch-2.14.0 triton-3.8.0 typing-extensions-4.16.0
Collecting numpy>=1.24 (from -r requirements-local.txt (line 1))
  Downloading numpy-2.5.3-cp312-cp312-manylinux_2_27_x86_64.manylinux_2_28_x86_64.whl.metadata (6.6 kB)
Collecting scipy>=1.10 (from -r requirements-local.txt (line 2))
  Downloading scipy-1.18.1-cp312-cp312-manylinux_2_27_x86_64.manylinux_2_28_x86_64.whl.metadata (62 kB)
Collecting svgpathtools==1.7.2 (from -r requirements-local.txt (line 3))
  Downloading svgpathtools-1.7.2-py2.py3-none-any.whl.metadata (22 kB)
Collecting cairosvg>=2.7 (from -r requirements-local.txt (line 4))
  Downloading cairosvg-2.9.1-py3-none-any.whl.metadata (2.7 kB)
Collecting matplotlib>=3.7 (from -r requirements-local.txt (line 5))
  Downloading matplotlib-3.11.2-cp312-cp312-manylinux2014_x86_64.manylinux_2_17_x86_64.whl.metadata (80 kB)
Collecting scikit-fem==12.0.2 (from -r requirements-local.txt (line 6))
  Downloading scikit_fem-12.0.2-py3-none-any.whl.metadata (37 kB)
Collecting triangle==20250106 (from -r requirements-local.txt (line 7))
  Downloading triangle-20250106-cp312-cp312-manylinux_2_17_x86_64.manylinux2014_x86_64.whl.metadata (1.4 kB)
Requirement already satisfied: Pillow>=9 in /usr/lib/python3/dist-packages (from -r requirements-local.txt (line 8)) (10.2.0)
Collecting transformers==4.51.3 (from -r requirements-colab.txt (line 1))
  Downloading transformers-4.51.3-py3-none-any.whl.metadata (38 kB)
Collecting peft==0.15.2 (from -r requirements-colab.txt (line 2))
  Downloading peft-0.15.2-py3-none-any.whl.metadata (13 kB)
Collecting accelerate==1.6.0 (from -r requirements-colab.txt (line 3))
  Downloading accelerate-1.6.0-py3-none-any.whl.metadata (19 kB)
Collecting scipy>=1.10 (from -r requirements-local.txt (line 2))
  Downloading scipy-1.15.3-cp312-cp312-manylinux_2_17_x86_64.manylinux2014_x86_64.whl.metadata (61 kB)
Collecting numpy>=1.24 (from -r requirements-local.txt (line 1))
  Downloading numpy-2.4.6-cp312-cp312-manylinux_2_27_x86_64.manylinux_2_28_x86_64.whl.metadata (6.6 kB)
Collecting svgwrite (from svgpathtools==1.7.2->-r requirements-local.txt (line 3))
  Downloading svgwrite-1.4.3-py3-none-any.whl.metadata (8.8 kB)
Requirement already satisfied: filelock in ./.venv-remote/lib/python3.12/site-packages (from transformers==4.51.3->-r requirements-colab.txt (line 1)) (4.0.0)
Collecting huggingface-hub<1.0,>=0.30.0 (from transformers==4.51.3->-r requirements-colab.txt (line 1))
  Downloading huggingface_hub-0.36.2-py3-none-any.whl.metadata (15 kB)
Requirement already satisfied: packaging>=20.0 in /usr/lib/python3/dist-packages (from transformers==4.51.3->-r requirements-colab.txt (line 1)) (24.0)
Requirement already satisfied: pyyaml>=5.1 in /usr/lib/python3/dist-packages (from transformers==4.51.3->-r requirements-colab.txt (line 1)) (6.0.1)
Collecting regex!=2019.12.17 (from transformers==4.51.3->-r requirements-colab.txt (line 1))
  Downloading regex-2026.9.10-cp312-cp312-manylinux2014_x86_64.manylinux_2_17_x86_64.manylinux_2_28_x86_64.whl.metadata (40 kB)
Requirement already satisfied: requests in /usr/lib/python3/dist-packages (from transformers==4.51.3->-r requirements-colab.txt (line 1)) (2.31.0)
Collecting tokenizers<0.22,>=0.21 (from transformers==4.51.3->-r requirements-colab.txt (line 1))
  Downloading tokenizers-0.21.4-cp39-abi3-manylinux_2_17_x86_64.manylinux2014_x86_64.whl.metadata (6.7 kB)
Collecting safetensors>=0.4.3 (from transformers==4.51.3->-r requirements-colab.txt (line 1))
  Downloading safetensors-0.8.0-cp310-abi3-manylinux_2_17_x86_64.manylinux2014_x86_64.whl.metadata (4.2 kB)
Collecting tqdm>=4.27 (from transformers==4.51.3->-r requirements-colab.txt (line 1))
  Downloading tqdm-4.70.1-py3-none-any.whl.metadata (57 kB)
Collecting psutil (from peft==0.15.2->-r requirements-colab.txt (line 2))
  Downloading psutil-7.2.2-cp36-abi3-manylinux2010_x86_64.manylinux_2_12_x86_64.manylinux_2_28_x86_64.whl.metadata (22 kB)
Requirement already satisfied: torch>=1.13.0 in ./.venv-remote/lib/python3.12/site-packages (from peft==0.15.2->-r requirements-colab.txt (line 2)) (2.14.0)
Requirement already satisfied: fsspec>=2023.5.0 in ./.venv-remote/lib/python3.12/site-packages (from huggingface-hub<1.0,>=0.30.0->transformers==4.51.3->-r requirements-colab.txt (line 1)) (2026.7.0)
Collecting hf-xet<2.0.0,>=1.1.3 (from huggingface-hub<1.0,>=0.30.0->transformers==4.51.3->-r requirements-colab.txt (line 1))
  Downloading hf_xet-1.6.0-cp38-abi3-manylinux2014_x86_64.manylinux_2_17_x86_64.whl.metadata (4.9 kB)
Requirement already satisfied: typing-extensions>=3.7.4.3 in ./.venv-remote/lib/python3.12/site-packages (from huggingface-hub<1.0,>=0.30.0->transformers==4.51.3->-r requirements-colab.txt (line 1)) (4.16.0)
Collecting cairocffi (from cairosvg>=2.7->-r requirements-local.txt (line 4))
  Downloading cairocffi-1.7.1-py3-none-any.whl.metadata (3.3 kB)
Collecting cssselect2 (from cairosvg>=2.7->-r requirements-local.txt (line 4))
  Downloading cssselect2-0.10.1-py3-none-any.whl.metadata (2.9 kB)
Collecting defusedxml (from cairosvg>=2.7->-r requirements-local.txt (line 4))
  Downloading defusedxml-0.7.1-py2.py3-none-any.whl.metadata (32 kB)
Collecting tinycss2 (from cairosvg>=2.7->-r requirements-local.txt (line 4))
  Downloading tinycss2-1.5.1-py3-none-any.whl.metadata (3.0 kB)
Collecting contourpy>=1.0.1 (from matplotlib>=3.7->-r requirements-local.txt (line 5))
  Downloading contourpy-1.4.0-cp312-cp312-manylinux_2_27_x86_64.manylinux_2_28_x86_64.whl.metadata (3.8 kB)
Collecting cycler>=0.10 (from matplotlib>=3.7->-r requirements-local.txt (line 5))
  Downloading cycler-0.12.1-py3-none-any.whl.metadata (3.8 kB)
Collecting fonttools>=4.28.2 (from matplotlib>=3.7->-r requirements-local.txt (line 5))
  Downloading fonttools-4.65.0-cp312-cp312-manylinux2014_x86_64.manylinux_2_17_x86_64.whl.metadata (125 kB)
Collecting kiwisolver>=1.3.1 (from matplotlib>=3.7->-r requirements-local.txt (line 5))
  Downloading kiwisolver-1.5.1-cp312-cp312-manylinux2014_x86_64.manylinux_2_17_x86_64.whl.metadata (5.2 kB)
Requirement already satisfied: pyparsing>=3 in /usr/lib/python3/dist-packages (from matplotlib>=3.7->-r requirements-local.txt (line 5)) (3.1.1)
Requirement already satisfied: python-dateutil>=2.7 in /usr/lib/python3/dist-packages (from matplotlib>=3.7->-r requirements-local.txt (line 5)) (2.8.2)
Requirement already satisfied: setuptools>=77.0.3 in ./.venv-remote/lib/python3.12/site-packages (from torch>=1.13.0->peft==0.15.2->-r requirements-colab.txt (line 2)) (84.0.0)
Requirement already satisfied: sympy>=1.13.3 in ./.venv-remote/lib/python3.12/site-packages (from torch>=1.13.0->peft==0.15.2->-r requirements-colab.txt (line 2)) (1.14.0)
Requirement already satisfied: networkx>=2.5.1 in ./.venv-remote/lib/python3.12/site-packages (from torch>=1.13.0->peft==0.15.2->-r requirements-colab.txt (line 2)) (3.6.1)
Requirement already satisfied: jinja2 in /usr/lib/python3/dist-packages (from torch>=1.13.0->peft==0.15.2->-r requirements-colab.txt (line 2)) (3.1.2)
Requirement already satisfied: cuda-toolkit==13.0.3 in ./.venv-remote/lib/python3.12/site-packages (from cuda-toolkit[cublas,cudart,cufft,cufile,cupti,curand,cusolver,cusparse,nvjitlink,nvrtc,nvtx]==13.0.3; platform_system == "Linux"->torch>=1.13.0->peft==0.15.2->-r requirements-colab.txt (line 2)) (13.0.3.0)
Requirement already satisfied: cuda-bindings<14,>=13.0.3 in ./.venv-remote/lib/python3.12/site-packages (from torch>=1.13.0->peft==0.15.2->-r requirements-colab.txt (line 2)) (13.4.1)
Requirement already satisfied: nvidia-cudnn-cu13==9.24.0.43 in ./.venv-remote/lib/python3.12/site-packages (from torch>=1.13.0->peft==0.15.2->-r requirements-colab.txt (line 2)) (9.24.0.43)
Requirement already satisfied: nvidia-cusparselt-cu13==0.8.1 in ./.venv-remote/lib/python3.12/site-packages (from torch>=1.13.0->peft==0.15.2->-r requirements-colab.txt (line 2)) (0.8.1)
Requirement already satisfied: nvidia-nccl-cu13==2.30.7 in ./.venv-remote/lib/python3.12/site-packages (from torch>=1.13.0->peft==0.15.2->-r requirements-colab.txt (line 2)) (2.30.7)
Requirement already satisfied: nvidia-nvshmem-cu13==3.4.5 in ./.venv-remote/lib/python3.12/site-packages (from torch>=1.13.0->peft==0.15.2->-r requirements-colab.txt (line 2)) (3.4.5)
Requirement already satisfied: triton~=3.8.0 in ./.venv-remote/lib/python3.12/site-packages (from torch>=1.13.0->peft==0.15.2->-r requirements-colab.txt (line 2)) (3.8.0)
Requirement already satisfied: nvidia-cublas==13.1.1.3.* in ./.venv-remote/lib/python3.12/site-packages (from cuda-toolkit[cublas,cudart,cufft,cufile,cupti,curand,cusolver,cusparse,nvjitlink,nvrtc,nvtx]==13.0.3; platform_system == "Linux"->torch>=1.13.0->peft==0.15.2->-r requirements-colab.txt (line 2)) (13.1.1.3)
Requirement already satisfied: nvidia-cuda-nvrtc==13.0.88.* in ./.venv-remote/lib/python3.12/site-packages (from cuda-toolkit[cublas,cudart,cufft,cufile,cupti,curand,cusolver,cusparse,nvjitlink,nvrtc,nvtx]==13.0.3; platform_system == "Linux"->torch>=1.13.0->peft==0.15.2->-r requirements-colab.txt (line 2)) (13.0.88)
Requirement already satisfied: nvidia-cuda-runtime==13.0.96.* in ./.venv-remote/lib/python3.12/site-packages (from cuda-toolkit[cublas,cudart,cufft,cufile,cupti,curand,cusolver,cusparse,nvjitlink,nvrtc,nvtx]==13.0.3; platform_system == "Linux"->torch>=1.13.0->peft==0.15.2->-r requirements-colab.txt (line 2)) (13.0.96)
Requirement already satisfied: nvidia-cufft==12.0.0.61.* in ./.venv-remote/lib/python3.12/site-packages (from cuda-toolkit[cublas,cudart,cufft,cufile,cupti,curand,cusolver,cusparse,nvjitlink,nvrtc,nvtx]==13.0.3; platform_system == "Linux"->torch>=1.13.0->peft==0.15.2->-r requirements-colab.txt (line 2)) (12.0.0.61)
Requirement already satisfied: nvidia-nvjitlink<14,>=13.0.88 in ./.venv-remote/lib/python3.12/site-packages (from cuda-toolkit[cublas,cudart,cufft,cufile,cupti,curand,cusolver,cusparse,nvjitlink,nvrtc,nvtx]==13.0.3; platform_system == "Linux"->torch>=1.13.0->peft==0.15.2->-r requirements-colab.txt (line 2)) (13.4.92)
Requirement already satisfied: nvidia-cufile==1.15.1.6.* in ./.venv-remote/lib/python3.12/site-packages (from cuda-toolkit[cublas,cudart,cufft,cufile,cupti,curand,cusolver,cusparse,nvjitlink,nvrtc,nvtx]==13.0.3; platform_system == "Linux"->torch>=1.13.0->peft==0.15.2->-r requirements-colab.txt (line 2)) (1.15.1.6)
Requirement already satisfied: nvidia-cuda-cupti==13.0.85.* in ./.venv-remote/lib/python3.12/site-packages (from cuda-toolkit[cublas,cudart,cufft,cufile,cupti,curand,cusolver,cusparse,nvjitlink,nvrtc,nvtx]==13.0.3; platform_system == "Linux"->torch>=1.13.0->peft==0.15.2->-r requirements-colab.txt (line 2)) (13.0.85)
Requirement already satisfied: nvidia-curand==10.4.0.35.* in ./.venv-remote/lib/python3.12/site-packages (from cuda-toolkit[cublas,cudart,cufft,cufile,cupti,curand,cusolver,cusparse,nvjitlink,nvrtc,nvtx]==13.0.3; platform_system == "Linux"->torch>=1.13.0->peft==0.15.2->-r requirements-colab.txt (line 2)) (10.4.0.35)
Requirement already satisfied: nvidia-cusolver==12.0.4.66.* in ./.venv-remote/lib/python3.12/site-packages (from cuda-toolkit[cublas,cudart,cufft,cufile,cupti,curand,cusolver,cusparse,nvjitlink,nvrtc,nvtx]==13.0.3; platform_system == "Linux"->torch>=1.13.0->peft==0.15.2->-r requirements-colab.txt (line 2)) (12.0.4.66)
Requirement already satisfied: nvidia-cusparse==12.6.3.3.* in ./.venv-remote/lib/python3.12/site-packages (from cuda-toolkit[cublas,cudart,cufft,cufile,cupti,curand,cusolver,cusparse,nvjitlink,nvrtc,nvtx]==13.0.3; platform_system == "Linux"->torch>=1.13.0->peft==0.15.2->-r requirements-colab.txt (line 2)) (12.6.3.3)
Requirement already satisfied: nvidia-nvtx==13.0.85.* in ./.venv-remote/lib/python3.12/site-packages (from cuda-toolkit[cublas,cudart,cufft,cufile,cupti,curand,cusolver,cusparse,nvjitlink,nvrtc,nvtx]==13.0.3; platform_system == "Linux"->torch>=1.13.0->peft==0.15.2->-r requirements-colab.txt (line 2)) (13.0.85)
Requirement already satisfied: cuda-pathfinder>=1.4.2 in ./.venv-remote/lib/python3.12/site-packages (from cuda-bindings<14,>=13.0.3->torch>=1.13.0->peft==0.15.2->-r requirements-colab.txt (line 2)) (1.8.1)
Requirement already satisfied: mpmath<1.4,>=1.1.0 in ./.venv-remote/lib/python3.12/site-packages (from sympy>=1.13.3->torch>=1.13.0->peft==0.15.2->-r requirements-colab.txt (line 2)) (1.3.0)
Collecting cffi>=1.1.0 (from cairocffi->cairosvg>=2.7->-r requirements-local.txt (line 4))
  Downloading cffi-2.1.1-cp312-cp312-manylinux2014_x86_64.manylinux_2_17_x86_64.whl.metadata (2.5 kB)
Collecting pycparser (from cffi>=1.1.0->cairocffi->cairosvg>=2.7->-r requirements-local.txt (line 4))
  Downloading pycparser-3.0-py3-none-any.whl.metadata (8.2 kB)
Collecting webencodings (from cssselect2->cairosvg>=2.7->-r requirements-local.txt (line 4))
  Downloading webencodings-0.6.1-py3-none-any.whl.metadata (3.4 kB)
Downloading scipy-1.15.3-cp312-cp312-manylinux_2_17_x86_64.manylinux2014_x86_64.whl (37.3 MB)
   ━━━━━━━━━━━━━━━━━━━━━━━━━━━━━━━━━━━━━━━━ 37.3/37.3 MB 8.8 MB/s  0:00:04
Downloading svgpathtools-1.7.2-py2.py3-none-any.whl (68 kB)
Downloading scikit_fem-12.0.2-py3-none-any.whl (178 kB)
Downloading triangle-20250106-cp312-cp312-manylinux_2_17_x86_64.manylinux2014_x86_64.whl (2.1 MB)
   ━━━━━━━━━━━━━━━━━━━━━━━━━━━━━━━━━━━━━━━━ 2.1/2.1 MB 10.6 MB/s  0:00:00
Downloading transformers-4.51.3-py3-none-any.whl (10.4 MB)
   ━━━━━━━━━━━━━━━━━━━━━━━━━━━━━━━━━━━━━━━━ 10.4/10.4 MB 12.1 MB/s  0:00:00
Downloading peft-0.15.2-py3-none-any.whl (411 kB)
Downloading accelerate-1.6.0-py3-none-any.whl (354 kB)
Downloading numpy-2.4.6-cp312-cp312-manylinux_2_27_x86_64.manylinux_2_28_x86_64.whl (16.6 MB)
   ━━━━━━━━━━━━━━━━━━━━━━━━━━━━━━━━━━━━━━━━ 16.6/16.6 MB 10.5 MB/s  0:00:01
Downloading huggingface_hub-0.36.2-py3-none-any.whl (566 kB)
   ━━━━━━━━━━━━━━━━━━━━━━━━━━━━━━━━━━━━━━━━ 566.4/566.4 kB 13.1 MB/s  0:00:00
Downloading hf_xet-1.6.0-cp38-abi3-manylinux2014_x86_64.manylinux_2_17_x86_64.whl (4.5 MB)
   ━━━━━━━━━━━━━━━━━━━━━━━━━━━━━━━━━━━━━━━━ 4.5/4.5 MB 12.0 MB/s  0:00:00
Downloading tokenizers-0.21.4-cp39-abi3-manylinux_2_17_x86_64.manylinux2014_x86_64.whl (3.1 MB)
   ━━━━━━━━━━━━━━━━━━━━━━━━━━━━━━━━━━━━━━━━ 3.1/3.1 MB 11.6 MB/s  0:00:00
Downloading cairosvg-2.9.1-py3-none-any.whl (46 kB)
Downloading matplotlib-3.11.2-cp312-cp312-manylinux2014_x86_64.manylinux_2_17_x86_64.whl (9.9 MB)
   ━━━━━━━━━━━━━━━━━━━━━━━━━━━━━━━━━━━━━━━━ 9.9/9.9 MB 10.6 MB/s  0:00:00
Downloading contourpy-1.4.0-cp312-cp312-manylinux_2_27_x86_64.manylinux_2_28_x86_64.whl (383 kB)
Downloading cycler-0.12.1-py3-none-any.whl (8.3 kB)
Downloading fonttools-4.65.0-cp312-cp312-manylinux2014_x86_64.manylinux_2_17_x86_64.whl (5.4 MB)
   ━━━━━━━━━━━━━━━━━━━━━━━━━━━━━━━━━━━━━━━━ 5.4/5.4 MB 11.7 MB/s  0:00:00
Downloading kiwisolver-1.5.1-cp312-cp312-manylinux2014_x86_64.manylinux_2_17_x86_64.whl (1.5 MB)
   ━━━━━━━━━━━━━━━━━━━━━━━━━━━━━━━━━━━━━━━━ 1.5/1.5 MB 12.5 MB/s  0:00:00
Downloading regex-2026.9.10-cp312-cp312-manylinux2014_x86_64.manylinux_2_17_x86_64.manylinux_2_28_x86_64.whl (804 kB)
   ━━━━━━━━━━━━━━━━━━━━━━━━━━━━━━━━━━━━━━━━ 804.6/804.6 kB 10.6 MB/s  0:00:00
Downloading safetensors-0.8.0-cp310-abi3-manylinux_2_17_x86_64.manylinux2014_x86_64.whl (516 kB)
Downloading tqdm-4.70.1-py3-none-any.whl (80 kB)
Downloading cairocffi-1.7.1-py3-none-any.whl (75 kB)
Downloading cffi-2.1.1-cp312-cp312-manylinux2014_x86_64.manylinux_2_17_x86_64.whl (221 kB)
Downloading cssselect2-0.10.1-py3-none-any.whl (15 kB)
Downloading defusedxml-0.7.1-py2.py3-none-any.whl (25 kB)
Downloading psutil-7.2.2-cp36-abi3-manylinux2010_x86_64.manylinux_2_12_x86_64.manylinux_2_28_x86_64.whl (155 kB)
Downloading pycparser-3.0-py3-none-any.whl (48 kB)
Downloading svgwrite-1.4.3-py3-none-any.whl (67 kB)
Downloading tinycss2-1.5.1-py3-none-any.whl (28 kB)
Downloading webencodings-0.6.1-py3-none-any.whl (8.7 kB)
Installing collected packages: webencodings, tqdm, svgwrite, safetensors, regex, pycparser, psutil, numpy, kiwisolver, hf-xet, fonttools, defusedxml, cycler, triangle, tinycss2, scipy, huggingface-hub, contourpy, cffi, tokenizers, svgpathtools, scikit-fem, matplotlib, cssselect2, cairocffi, transformers, cairosvg, accelerate, peft

Successfully installed accelerate-1.6.0 cairocffi-1.7.1 cairosvg-2.9.1 cffi-2.1.1 contourpy-1.4.0 cssselect2-0.10.1 cycler-0.12.1 defusedxml-0.7.1 fonttools-4.65.0 hf-xet-1.6.0 huggingface-hub-0.36.2 kiwisolver-1.5.1 matplotlib-3.11.2 numpy-2.4.6 peft-0.15.2 psutil-7.2.2 pycparser-3.0 regex-2026.9.10 safetensors-0.8.0 scikit-fem-12.0.2 scipy-1.15.3 svgpathtools-1.7.2 svgwrite-1.4.3 tinycss2-1.5.1 tokenizers-0.21.4 tqdm-4.70.1 transformers-4.51.3 triangle-20250106 webencodings-0.6.1
2.14.0+cu130 NVIDIA RTX PRO 6000 Blackwell Workstation Edition
Environment ready. Launch scripts/remote_batch.py in a detached process.
START tests
DONE tests
START fem-bar
DONE fem-bar
START robin-reference
DONE robin-reference
START rule-baseline
DONE rule-baseline
START saved-adapter-reload
Traceback (most recent call last):
  File "/home/iit/svg-compute/20260917T153529557690Z/cvpr2027/scripts/remote_batch.py", line 169, in <module>
    main()
  File "/home/iit/svg-compute/20260917T153529557690Z/cvpr2027/scripts/remote_batch.py", line 144, in main
    raise RuntimeError(f'{name} exited {result.returncode}; see logs/{name}.log')
RuntimeError: saved-adapter-reload exited 1; see logs/saved-adapter-reload.log
