L-shape FEM n=  80  dofs=  19521  solve=0.06s  vs FD: max|Δ|=0.254 pp at (0.0125,0.0250)  rms=0.009 pp  | excluding 0.05 of the jump corners: max=0.123 rms=0.007 pp
L-shape FEM n= 160  dofs=  77441  solve=0.52s  vs FD: max|Δ|=0.742 pp at (0.0063,0.0125)  rms=0.018 pp  | excluding 0.05 of the jump corners: max=0.222 rms=0.010 pp
L-shape two-resolution floor (h vs h/2): max 0.731 pp, mean 0.0018 pp
epsilon of FD isolines on FEM field (pp):        10: 0.089, 20: 0.163, 30: 0.221, 40: 0.266, 50: 0.223, 60: 0.304, 80: 0.248
  same, excluding points within 0.05 of the two Dirichlet-jump corners: 10: 0.008, 20: 0.009, 30: 0.010, 40: 0.010, 50: 0.009, 60: 0.010, 80: 0.007
Kirsch FEM  L/a=10 W/a=10 (d/W=0.100)  elems=2036  dofs=8534  solve=0.03s
  Kt: FEM 3.0861  | Kirsch (infinite) 3.0000 | Howland strip 3.0235  peak at θ=89.9°
  checks: σ_rr/σ on the hole max 0.00187   net-section force / applied 0.99963
  hoop stress vs Kirsch: max |Δ|/σ = 0.0874, mean 0.0495
  σxx on transverse axis vs Kirsch: max rel err 0.0342 (y ≤ 5a), 0.0390 (all)
Kirsch FEM  L/a=40 W/a=10 (d/W=0.100)  elems=6368  dofs=26150  solve=0.12s
  Kt: FEM 3.0359  | Kirsch (infinite) 3.0000 | Howland strip 3.0235  peak at θ=89.9°
  checks: σ_rr/σ on the hole max 0.00183   net-section force / applied 0.99966
  hoop stress vs Kirsch: max |Δ|/σ = 0.0372, mean 0.0212
  σxx on transverse axis vs Kirsch: max rel err 0.0203 (y ≤ 5a), 0.0203 (all)
Kirsch FEM  L/a=40 W/a=40 (d/W=0.025)  elems=3900  dofs=16082  solve=0.08s
  Kt: FEM 3.0043  | Kirsch (infinite) 3.0000 | Howland strip 2.9987  peak at θ=89.0°
  checks: σ_rr/σ on the hole max 0.00186   net-section force / applied 0.99984
  hoop stress vs Kirsch: max |Δ|/σ = 0.0064, mean 0.0030
  σxx on transverse axis vs Kirsch: max rel err 0.0128 (y ≤ 5a), 0.0128 (all)
wrote /Users/ayushdebnath/SVG/runs/fem-smoke/summary.json
