Sliding Window Attention is enabled but not implemented for `sdpa`; unexpected results may be encountered.
Loading checkpoint shards:   0%|          | 0/2 [00:00<?, ?it/s]Loading checkpoint shards:  50%|█████     | 1/2 [00:03<00:03,  3.77s/it]Loading checkpoint shards: 100%|██████████| 2/2 [00:04<00:00,  2.11s/it]Loading checkpoint shards: 100%|██████████| 2/2 [00:04<00:00,  2.36s/it]
/home/trishita/miniconda3/envs/engsvg/lib/python3.12/site-packages/transformers/generation/configuration_utils.py:631: UserWarning: `do_sample` is set to `False`. However, `temperature` is set to `0.7` -- this flag is only used in sample-based generation modes. You should set `do_sample=True` or unset `temperature`.
  warnings.warn(
/home/trishita/miniconda3/envs/engsvg/lib/python3.12/site-packages/transformers/generation/configuration_utils.py:636: UserWarning: `do_sample` is set to `False`. However, `top_p` is set to `0.8` -- this flag is only used in sample-based generation modes. You should set `do_sample=True` or unset `top_p`.
  warnings.warn(
/home/trishita/miniconda3/envs/engsvg/lib/python3.12/site-packages/transformers/generation/configuration_utils.py:653: UserWarning: `do_sample` is set to `False`. However, `top_k` is set to `20` -- this flag is only used in sample-based generation modes. You should set `do_sample=True` or unset `top_k`.
  warnings.warn(
2/310 11s
4/310 20s
6/310 26s
8/310 33s
10/310 41s
12/310 64s
14/310 115s
16/310 136s
18/310 170s
20/310 207s
22/310 220s
24/310 263s
26/310 283s
28/310 305s
30/310 326s
32/310 335s
34/310 350s
36/310 395s
38/310 417s
40/310 455s
42/310 476s
44/310 500s
46/310 531s
48/310 552s
50/310 591s
52/310 617s
54/310 621s
56/310 644s
58/310 668s
60/310 703s
62/310 735s
64/310 758s
66/310 781s
68/310 799s
70/310 823s
72/310 860s
74/310 884s
76/310 913s
78/310 937s
80/310 956s
82/310 976s
84/310 987s
86/310 1010s
88/310 1040s
90/310 1065s
92/310 1096s
94/310 1134s
96/310 1156s
98/310 1180s
100/310 1203s
102/310 1218s
104/310 1240s
106/310 1276s
108/310 1288s
110/310 1293s
112/310 1322s
114/310 1349s
116/310 1369s
118/310 1393s
120/310 1420s
122/310 1451s
124/310 1475s
126/310 1490s
128/310 1515s
130/310 1535s
132/310 1559s
134/310 1582s
136/310 1610s
138/310 1626s
140/310 1666s
142/310 1677s
144/310 1694s
146/310 1703s
148/310 1713s
150/310 1720s
152/310 1727s
154/310 1737s
156/310 1781s
158/310 1810s
160/310 1823s
162/310 1831s
164/310 1841s
166/310 1856s
168/310 1875s
170/310 1889s
172/310 1897s
174/310 1903s
176/310 1910s
178/310 1915s
180/310 1930s
182/310 1941s
184/310 1962s
186/310 1995s
188/310 2021s
190/310 2045s
192/310 2058s
194/310 2086s
196/310 2115s
198/310 2139s
200/310 2159s
202/310 2186s
204/310 2212s
206/310 2248s
208/310 2267s
210/310 2292s
212/310 2305s
214/310 2320s
216/310 2325s
218/310 2348s
220/310 2400s
222/310 2419s
224/310 2437s
226/310 2463s
228/310 2497s
230/310 2529s
232/310 2553s
234/310 2567s
236/310 2591s
238/310 2641s
240/310 2670s
242/310 2692s
244/310 2718s
246/310 2739s
248/310 2762s
250/310 2783s
252/310 2804s
254/310 2819s
256/310 2824s
258/310 2843s
260/310 2880s
262/310 2902s
264/310 2928s
266/310 2951s
268/310 2970s
270/310 2998s
272/310 3017s
274/310 3038s
276/310 3062s
278/310 3078s
280/310 3114s
282/310 3137s
284/310 3171s
286/310 3194s
288/310 3226s
290/310 3246s
292/310 3297s
294/310 3321s
296/310 3341s
298/310 3362s
300/310 3393s
302/310 3418s
304/310 3450s
306/310 3473s
308/310 3498s
310/310 3513s
