Sliding Window Attention is enabled but not implemented for `sdpa`; unexpected results may be encountered.
Loading checkpoint shards:   0%|          | 0/2 [00:00<?, ?it/s]Loading checkpoint shards:  50%|█████     | 1/2 [00:03<00:03,  3.99s/it]Loading checkpoint shards: 100%|██████████| 2/2 [00:04<00:00,  2.22s/it]Loading checkpoint shards: 100%|██████████| 2/2 [00:04<00:00,  2.48s/it]
/home/trishita/miniconda3/envs/engsvg/lib/python3.12/site-packages/transformers/generation/configuration_utils.py:631: UserWarning: `do_sample` is set to `False`. However, `temperature` is set to `0.7` -- this flag is only used in sample-based generation modes. You should set `do_sample=True` or unset `temperature`.
  warnings.warn(
/home/trishita/miniconda3/envs/engsvg/lib/python3.12/site-packages/transformers/generation/configuration_utils.py:636: UserWarning: `do_sample` is set to `False`. However, `top_p` is set to `0.8` -- this flag is only used in sample-based generation modes. You should set `do_sample=True` or unset `top_p`.
  warnings.warn(
/home/trishita/miniconda3/envs/engsvg/lib/python3.12/site-packages/transformers/generation/configuration_utils.py:653: UserWarning: `do_sample` is set to `False`. However, `top_k` is set to `20` -- this flag is only used in sample-based generation modes. You should set `do_sample=True` or unset `top_k`.
  warnings.warn(
4/2540 39s
8/2540 49s
12/2540 56s
16/2540 76s
20/2540 80s
24/2540 86s
28/2540 94s
32/2540 100s
36/2540 107s
40/2540 116s
44/2540 124s
48/2540 130s
52/2540 149s
56/2540 157s
60/2540 170s
64/2540 183s
68/2540 190s
72/2540 202s
76/2540 228s
80/2540 236s
84/2540 260s
88/2540 267s
92/2540 283s
96/2540 288s
100/2540 294s
104/2540 301s
108/2540 306s
112/2540 314s
116/2540 344s
120/2540 352s
124/2540 363s
128/2540 374s
132/2540 390s
136/2540 404s
140/2540 411s
144/2540 418s
148/2540 434s
152/2540 440s
156/2540 450s
160/2540 458s
164/2540 465s
168/2540 471s
172/2540 480s
176/2540 485s
180/2540 497s
184/2540 506s
188/2540 517s
192/2540 525s
196/2540 532s
200/2540 539s
204/2540 549s
208/2540 557s
212/2540 563s
216/2540 575s
220/2540 581s
224/2540 595s
228/2540 603s
232/2540 621s
236/2540 636s
240/2540 642s
244/2540 651s
248/2540 657s
252/2540 661s
256/2540 669s
260/2540 686s
264/2540 705s
268/2540 712s
272/2540 717s
276/2540 725s
280/2540 735s
284/2540 740s
288/2540 749s
292/2540 758s
296/2540 765s
300/2540 773s
304/2540 784s
308/2540 789s
312/2540 806s
316/2540 816s
320/2540 823s
324/2540 830s
328/2540 836s
332/2540 842s
336/2540 850s
340/2540 856s
344/2540 877s
348/2540 884s
352/2540 889s
356/2540 904s
360/2540 928s
364/2540 935s
368/2540 940s
372/2540 948s
376/2540 954s
380/2540 962s
384/2540 968s
388/2540 975s
392/2540 1015s
396/2540 1036s
400/2540 1047s
404/2540 1054s
408/2540 1059s
412/2540 1067s
416/2540 1072s
420/2540 1095s
424/2540 1101s
428/2540 1107s
432/2540 1118s
436/2540 1134s
440/2540 1144s
444/2540 1154s
448/2540 1193s
452/2540 1200s
456/2540 1213s
460/2540 1222s
464/2540 1230s
468/2540 1236s
472/2540 1244s
476/2540 1251s
480/2540 1260s
484/2540 1275s
488/2540 1286s
492/2540 1330s
496/2540 1351s
500/2540 1372s
504/2540 1387s
508/2540 1407s
512/2540 1425s
516/2540 1446s
520/2540 1470s
524/2540 1504s
528/2540 1528s
532/2540 1549s
536/2540 1569s
540/2540 1610s
544/2540 1629s
548/2540 1642s
552/2540 1662s
556/2540 1673s
560/2540 1695s
564/2540 1714s
568/2540 1729s
572/2540 1751s
576/2540 1773s
580/2540 1790s
584/2540 1800s
588/2540 1821s
592/2540 1830s
596/2540 1851s
600/2540 1873s
604/2540 1888s
608/2540 1903s
612/2540 1922s
616/2540 1939s
620/2540 1954s
624/2540 1974s
628/2540 1995s
632/2540 2015s
636/2540 2037s
640/2540 2057s
644/2540 2078s
648/2540 2098s
652/2540 2116s
656/2540 2139s
660/2540 2157s
664/2540 2178s
668/2540 2202s
672/2540 2222s
676/2540 2237s
680/2540 2257s
684/2540 2277s
688/2540 2297s
692/2540 2318s
696/2540 2338s
700/2540 2364s
704/2540 2383s
708/2540 2400s
712/2540 2430s
716/2540 2473s
720/2540 2493s
724/2540 2507s
728/2540 2527s
732/2540 2557s
736/2540 2575s
740/2540 2595s
744/2540 2619s
748/2540 2648s
752/2540 2668s
756/2540 2684s
760/2540 2695s
764/2540 2721s
768/2540 2742s
772/2540 2752s
776/2540 2785s
780/2540 2809s
784/2540 2825s
788/2540 2846s
792/2540 2864s
796/2540 2883s
800/2540 2903s
804/2540 2923s
808/2540 2940s
812/2540 2961s
816/2540 2993s
820/2540 3031s
824/2540 3054s
828/2540 3078s
832/2540 3098s
836/2540 3125s
840/2540 3145s
844/2540 3168s
848/2540 3186s
852/2540 3203s
856/2540 3224s
860/2540 3239s
864/2540 3253s
868/2540 3267s
872/2540 3288s
876/2540 3309s
880/2540 3337s
884/2540 3359s
888/2540 3380s
892/2540 3400s
896/2540 3416s
900/2540 3432s
904/2540 3453s
908/2540 3480s
912/2540 3495s
916/2540 3516s
920/2540 3528s
924/2540 3547s
928/2540 3567s
932/2540 3588s
936/2540 3608s
940/2540 3623s
944/2540 3643s
948/2540 3663s
952/2540 3680s
956/2540 3700s
960/2540 3720s
964/2540 3733s
968/2540 3753s
972/2540 3771s
976/2540 3794s
980/2540 3813s
984/2540 3830s
988/2540 3853s
992/2540 3870s
996/2540 3894s
1000/2540 3907s
1004/2540 3926s
1008/2540 3946s
1012/2540 3960s
1016/2540 3993s
1020/2540 4014s
1024/2540 4032s
1028/2540 4053s
1032/2540 4098s
1036/2540 4119s
1040/2540 4140s
1044/2540 4160s
1048/2540 4187s
1052/2540 4211s
1056/2540 4231s
1060/2540 4252s
1064/2540 4270s
1068/2540 4290s
1072/2540 4307s
1076/2540 4329s
1080/2540 4351s
1084/2540 4366s
1088/2540 4386s
1092/2540 4400s
1096/2540 4421s
1100/2540 4430s
1104/2540 4451s
1108/2540 4473s
1112/2540 4493s
1116/2540 4524s
1120/2540 4540s
1124/2540 4573s
1128/2540 4592s
1132/2540 4621s
1136/2540 4632s
1140/2540 4643s
1144/2540 4663s
1148/2540 4684s
1152/2540 4707s
1156/2540 4727s
1160/2540 4753s
1164/2540 4779s
1168/2540 4794s
1172/2540 4814s
1176/2540 4833s
1180/2540 4852s
1184/2540 4873s
1188/2540 4887s
1192/2540 4910s
1196/2540 4924s
1200/2540 4946s
1204/2540 4960s
1208/2540 4982s
1212/2540 5005s
1216/2540 5025s
1220/2540 5043s
1224/2540 5062s
1228/2540 5079s
1232/2540 5101s
1236/2540 5121s
1240/2540 5142s
1244/2540 5163s
1248/2540 5185s
1252/2540 5197s
1256/2540 5216s
1260/2540 5238s
1264/2540 5259s
1268/2540 5282s
1272/2540 5298s
1276/2540 5321s
1280/2540 5332s
1284/2540 5347s
1288/2540 5367s
1292/2540 5387s
1296/2540 5408s
1300/2540 5428s
1304/2540 5444s
1308/2540 5467s
1312/2540 5487s
1316/2540 5499s
1320/2540 5519s
1324/2540 5530s
1328/2540 5570s
1332/2540 5589s
1336/2540 5609s
1340/2540 5632s
1344/2540 5657s
1348/2540 5677s
1352/2540 5708s
1356/2540 5728s
1360/2540 5746s
1364/2540 5765s
1368/2540 5786s
1372/2540 5823s
1376/2540 5843s
1380/2540 5858s
1384/2540 5878s
1388/2540 5896s
1392/2540 5913s
1396/2540 5933s
1400/2540 5953s
1404/2540 5976s
1408/2540 6003s
1412/2540 6025s
1416/2540 6045s
1420/2540 6065s
1424/2540 6091s
1428/2540 6115s
1432/2540 6135s
1436/2540 6164s
1440/2540 6177s
1444/2540 6195s
1448/2540 6216s
1452/2540 6238s
1456/2540 6253s
1460/2540 6269s
1464/2540 6281s
1468/2540 6305s
1472/2540 6324s
1476/2540 6344s
1480/2540 6354s
1484/2540 6374s
1488/2540 6394s
1492/2540 6409s
1496/2540 6422s
1500/2540 6442s
1504/2540 6469s
1508/2540 6489s
1512/2540 6520s
1516/2540 6544s
1520/2540 6558s
1524/2540 6576s
1528/2540 6603s
1532/2540 6618s
1536/2540 6639s
1540/2540 6660s
1544/2540 6677s
1548/2540 6702s
1552/2540 6719s
1556/2540 6734s
1560/2540 6750s
1564/2540 6770s
1568/2540 6791s
1572/2540 6805s
1576/2540 6826s
1580/2540 6849s
1584/2540 6879s
1588/2540 6899s
1592/2540 6920s
1596/2540 6940s
1600/2540 6959s
1604/2540 6979s
1608/2540 6999s
1612/2540 7028s
1616/2540 7046s
1620/2540 7055s
1624/2540 7068s
1628/2540 7085s
1632/2540 7105s
1636/2540 7123s
1640/2540 7145s
1644/2540 7155s
1648/2540 7177s
1652/2540 7198s
1656/2540 7237s
1660/2540 7267s
1664/2540 7287s
1668/2540 7317s
1672/2540 7337s
1676/2540 7357s
1680/2540 7377s
1684/2540 7393s
1688/2540 7403s
1692/2540 7416s
1696/2540 7435s
1700/2540 7456s
1704/2540 7477s
1708/2540 7493s
1712/2540 7516s
1716/2540 7536s
1720/2540 7557s
1724/2540 7577s
1728/2540 7588s
1732/2540 7608s
1736/2540 7629s
1740/2540 7657s
1744/2540 7677s
1748/2540 7701s
1752/2540 7726s
1756/2540 7746s
1760/2540 7771s
1764/2540 7786s
1768/2540 7802s
1772/2540 7814s
1776/2540 7828s
1780/2540 7849s
1784/2540 7869s
1788/2540 7889s
1792/2540 7907s
1796/2540 7924s
1800/2540 7951s
1804/2540 7966s
1808/2540 7993s
1812/2540 8016s
1816/2540 8041s
1820/2540 8055s
1824/2540 8073s
1828/2540 8097s
1832/2540 8112s
1836/2540 8127s
1840/2540 8154s
1844/2540 8176s
1848/2540 8191s
1852/2540 8220s
1856/2540 8242s
1860/2540 8253s
1864/2540 8276s
1868/2540 8289s
1872/2540 8310s
1876/2540 8331s
1880/2540 8352s
1884/2540 8368s
1888/2540 8385s
1892/2540 8410s
1896/2540 8431s
1900/2540 8450s
1904/2540 8461s
1908/2540 8483s
1912/2540 8503s
1916/2540 8515s
1920/2540 8530s
1924/2540 8548s
1928/2540 8570s
1932/2540 8597s
1936/2540 8623s
1940/2540 8632s
1944/2540 8666s
1948/2540 8681s
1952/2540 8701s
1956/2540 8722s
1960/2540 8743s
1964/2540 8763s
1968/2540 8786s
1972/2540 8810s
1976/2540 8823s
1980/2540 8845s
1984/2540 8866s
1988/2540 8886s
1992/2540 8906s
1996/2540 8925s
2000/2540 8937s
2004/2540 8952s
2008/2540 8972s
2012/2540 8994s
2016/2540 9013s
2020/2540 9034s
2024/2540 9048s
2028/2540 9074s
2032/2540 9095s
2036/2540 9116s
2040/2540 9133s
2044/2540 9155s
2048/2540 9165s
2052/2540 9199s
2056/2540 9221s
2060/2540 9241s
2064/2540 9256s
2068/2540 9275s
2072/2540 9293s
2076/2540 9311s
2080/2540 9329s
2084/2540 9350s
2088/2540 9364s
2092/2540 9384s
2096/2540 9404s
2100/2540 9419s
2104/2540 9440s
2108/2540 9459s
2112/2540 9480s
2116/2540 9496s
2120/2540 9519s
2124/2540 9533s
2128/2540 9554s
2132/2540 9571s
2136/2540 9588s
2140/2540 9605s
2144/2540 9629s
2148/2540 9647s
2152/2540 9656s
2156/2540 9662s
2160/2540 9679s
2164/2540 9704s
2168/2540 9723s
2172/2540 9744s
2176/2540 9759s
2180/2540 9789s
2184/2540 9819s
2188/2540 9839s
2192/2540 9864s
2196/2540 9879s
2200/2540 9900s
2204/2540 9915s
2208/2540 9926s
2212/2540 9949s
2216/2540 9965s
2220/2540 9982s
2224/2540 10002s
2228/2540 10023s
2232/2540 10044s
2236/2540 10066s
2240/2540 10088s
2244/2540 10099s
2248/2540 10120s
2252/2540 10145s
2256/2540 10163s
2260/2540 10184s
2264/2540 10228s
2268/2540 10240s
2272/2540 10257s
2276/2540 10271s
2280/2540 10288s
2284/2540 10309s
2288/2540 10322s
2292/2540 10351s
2296/2540 10371s
2300/2540 10386s
2304/2540 10403s
2308/2540 10420s
2312/2540 10442s
2316/2540 10466s
2320/2540 10504s
2324/2540 10517s
2328/2540 10538s
2332/2540 10547s
2336/2540 10562s
2340/2540 10592s
2344/2540 10606s
2348/2540 10637s
2352/2540 10654s
2356/2540 10678s
2360/2540 10692s
2364/2540 10723s
2368/2540 10738s
2372/2540 10763s
2376/2540 10784s
2380/2540 10818s
2384/2540 10831s
2388/2540 10846s
2392/2540 10871s
2396/2540 10889s
2400/2540 10909s
2404/2540 10924s
2408/2540 10944s
2412/2540 10967s
2416/2540 10988s
2420/2540 11009s
2424/2540 11034s
2428/2540 11054s
2432/2540 11073s
2436/2540 11095s
2440/2540 11114s
2444/2540 11134s
2448/2540 11166s
2452/2540 11170s
2456/2540 11193s
2460/2540 11215s
2464/2540 11233s
2468/2540 11250s
2472/2540 11294s
2476/2540 11314s
2480/2540 11338s
2484/2540 11362s
2488/2540 11385s
2492/2540 11406s
2496/2540 11426s
2500/2540 11437s
2504/2540 11462s
2508/2540 11499s
2512/2540 11520s
2516/2540 11536s
2520/2540 11562s
2524/2540 11581s
2528/2540 11597s
2532/2540 11615s
2536/2540 11636s
2540/2540 11651s
