scored 1 / 6 scored
scored 2 / 6 scored
scored 3 / 6 scored
scored 4 / 6 scored
scored 5 / 6 scored
scored 6 / 6 scored
{'n': 6, 'reference_valid': 6, 'executable': 6, 'match_95': 4, 'match_strict': 3, 'statuses': {'scored': 6}, 'sources': {'BenchCAD': {'n': 6, 'reference_valid': 6, 'executable': 6, 'match_95': 4, 'match_strict': 3, 'statuses': {'scored': 6}}, 'CAD-Editor': {'n': 0, 'reference_valid': 0, 'executable': 0, 'match_95': 0, 'match_strict': 0, 'statuses': {}}}}
{
  "all_tasks": {
    "n": 124,
    "before": 89,
    "after": 91,
    "before_rate": 0.717741935483871,
    "after_rate": 0.7338709677419355,
    "delta_pp": 1.6129032258064515,
    "recovered": 2,
    "regressed": 0
  },
  "valid_references": {
    "n": 123,
    "before": 89,
    "after": 91,
    "before_rate": 0.7235772357723578,
    "after_rate": 0.7398373983739838,
    "delta_pp": 1.6260162601626016,
    "recovered": 2,
    "regressed": 0
  },
  "categories": {
    "T1": {
      "n": 31,
      "before": 28,
      "after": 29,
      "before_rate": 0.9032258064516129,
      "after_rate": 0.9354838709677419,
      "delta_pp": 3.225806451612903,
      "recovered": 1,
      "regressed": 0
    },
    "T2": {
      "n": 17,
      "before": 16,
      "after": 16,
      "before_rate": 0.9411764705882353,
      "after_rate": 0.9411764705882353,
      "delta_pp": 0.0,
      "recovered": 0,
      "regressed": 0
    },
    "T3": {
      "n": 17,
      "before": 12,
      "after": 12,
      "before_rate": 0.7058823529411765,
      "after_rate": 0.7058823529411765,
      "delta_pp": 0.0,
      "recovered": 0,
      "regressed": 0
    },
    "T4": {
      "n": 33,
      "before": 18,
      "after": 19,
      "before_rate": 0.5454545454545454,
      "after_rate": 0.5757575757575758,
      "delta_pp": 3.0303030303030303,
      "recovered": 1,
      "regressed": 0
    },
    "T5": {
      "n": 25,
      "before": 15,
      "after": 15,
      "before_rate": 0.6,
      "after_rate": 0.6,
      "delta_pp": 0.0,
      "recovered": 0,
      "regressed": 0
    }
  },
  "invalid_references": [
    "a5b5cc677cadf72d6f0e503e7032a6f34efc326cf6d0ccc6e5abab398c6c30ce"
  ],
  "repair_requested": 60,
  "repair_selected": 6,
  "repair_statuses": {
    "completed": 60
  },
  "api_cost_estimate_usd": 0.7926299999999998,
  "paired_exact_p": 0.5,
  "paired_bootstrap_95pct_delta_pp": [
    0.0,
    4.065040650406504
  ]
}
