1 / 88 spline_hub_000850_s20260505 exit 0 
2 / 88 chair_000334_s20260505 exit 0 
3 / 88 table_012700_s20260505 exit 0 
4 / 88 lathe_turned_part_000396_s20260505 exit 0 
5 / 88 spline_hub_012311_s20260505 exit 0 
6 / 88 spur_gear_000098_s20260505 exit 0 
7 / 88 dovetail_slide_000801_s20260505 exit 0 
8 / 88 double_simplex_sprocket_011623_s20260505 exit -1 CAD execution timeout
9 / 88 grease_nipple_001094_s20260505 exit 0 
10 / 88 spur_gear_010398_s20260505 exit 0 
11 / 88 keyhole_plate_011052_s20260505 exit 0 
12 / 88 taper_pin_011365_s20260505 exit 0 
13 / 88 grommet_000272_s20260505 exit 0 
14 / 88 worm_screw_012508_s20260505 exit 0 Rejected edit worm_screw_012508_s20260505 0 ValueError Edit has no measurable volume change
Rejected edit worm_screw_012508_s20260505 1 ValueError Edit has no measurable volume change

15 / 88 shaft_collar_000653_s20260505 exit 1 File "/Users/ayushdebnath/SVG/cvpr2027/scripts/verify_mechanical_cad_edits.py", line 77, in main
    verify_part(rows[int(sys.argv[2])], out)
  File "/Users/ayushdebnath/SVG/cvpr2027/scripts/verify_mechanical_cad_edits.py", line 43, in verify_part
    source = execute(row['code'])
             ^^^^^^^^^^^^^^^^^^^^
  File "/Users/ayushdebnath/SVG/cvpr2027/scripts/verify_mechanical_cad_edits.py", line 35, in execute
    raise ValueError('Invalid or empty solid')
ValueError: Invalid or empty solid

16 / 88 pan_head_screw_000590_s20260505 exit -1 CAD execution timeout
17 / 88 f_bracket_011259_s20260505 exit 0 
18 / 88 rivet_011343_s20260505 exit 0 
19 / 88 lobed_knob_001098_s20260505 exit 0 Rejected edit lobed_knob_001098_s20260505 0 ValueError Edit has no measurable volume change

20 / 88 spacer_ring_000074_s20260505 exit 0 
21 / 88 spur_gear_000351_s20260505 exit 0 
22 / 88 shaft_collar_001099_s20260505 exit 0 
23 / 88 impeller_000566_s20260505 exit 0 
24 / 88 wire_grid_000669_s20260505 exit 0 
25 / 88 ratchet_sector_001018_s20260505 exit 0 
26 / 88 nozzle_010420_s20260505 exit 0 
27 / 88 dovetail_slide_010875_s20260505 exit 0 
28 / 88 spur_gear_011908_s20260505 exit 0 Rejected edit spur_gear_011908_s20260505 0 ValueError Edit has no measurable volume change
Rejected edit spur_gear_011908_s20260505 1 ValueError Edit has no measurable volume change

29 / 88 dome_cap_012565_s20260505 exit 0 
30 / 88 bucket_000593_s20260505 exit 0 
31 / 88 wing_nut_010991_s20260505 exit 0 
32 / 88 clevis_pin_011075_s20260505 exit 0 
33 / 88 battery_holder_000947_s20260505 exit 0 
34 / 88 clevis_pin_011090_s20260505 exit 0 
35 / 88 cam_011263_s20260505 exit 0 
36 / 88 knob_000876_s20260505 exit 0 
37 / 88 ratchet_sector_011954_s20260505 exit 0 
38 / 88 eyebolt_011431_s20260505 exit 0 
39 / 88 clevis_pin_012217_s20260505 exit 0 
40 / 88 tee_nut_011205_s20260505 exit 0 
41 / 88 clevis_000170_s20260505 exit 0 
42 / 88 grommet_000128_s20260505 exit 0 
43 / 88 round_flange_001130_s20260505 exit 0 
44 / 88 spline_hub_011369_s20260505 exit 0 
45 / 88 pan_head_screw_000248_s20260505 exit -1 CAD execution timeout
46 / 88 bevel_gear_000860_s20260505 exit 0 
47 / 88 gridfinity_bin_012372_s20260505 exit 0 
48 / 88 bevel_gear_011514_s20260505 exit 0 
49 / 88 chair_011165_s20260505 exit 0 
50 / 88 helical_gear_011279_s20260505 exit 0 
51 / 88 pan_head_screw_000853_s20260505 exit -1 CAD execution timeout
52 / 88 double_simplex_sprocket_011240_s20260505 exit -1 CAD execution timeout
53 / 88 torsion_spring_011163_s20260505 exit 0 
54 / 88 pan_head_screw_000035_s20260505 exit -1 CAD execution timeout
55 / 88 helical_gear_011177_s20260505 exit 0 
56 / 88 wall_anchor_011892_s20260505 exit 0 
57 / 88 cam_001007_s20260505 exit 0 
58 / 88 keyhole_plate_010608_s20260505 exit 0 
59 / 88 taper_pin_001020_s20260505 exit 0 
60 / 88 eyebolt_010805_s20260505 exit 0 
61 / 88 spacer_ring_000019_s20260505 exit 0 
62 / 88 torsion_spring_011508_s20260505 exit 0 
63 / 88 threaded_adapter_000415_s20260505 exit 0 
64 / 88 rivet_011142_s20260505 exit 0 
65 / 88 handwheel_010894_s20260505 exit 0 
66 / 88 grease_nipple_000080_s20260505 exit 0 
67 / 88 worm_screw_000665_s20260505 exit 1 File "/Users/ayushdebnath/SVG/cvpr2027/scripts/verify_mechanical_cad_edits.py", line 88, in main
    verify_part(rows[int(sys.argv[2])], out)
  File "/Users/ayushdebnath/SVG/cvpr2027/scripts/verify_mechanical_cad_edits.py", line 51, in verify_part
    source = execute(row['code'])
             ^^^^^^^^^^^^^^^^^^^^
  File "/Users/ayushdebnath/SVG/cvpr2027/scripts/verify_mechanical_cad_edits.py", line 43, in execute
    raise ValueError('Invalid or empty solid')
ValueError: Invalid or empty solid

68 / 88 chair_000174_s20260505 exit 0 
69 / 88 grease_nipple_000755_s20260505 exit 0 
70 / 88 double_simplex_sprocket_011199_s20260505 exit 0 
71 / 88 wire_grid_001142_s20260505 exit 0 
72 / 88 pillow_block_000148_s20260505 exit 0 Rejected edit pillow_block_000148_s20260505 0 ValueError Edit has no measurable volume change
Rejected edit pillow_block_000148_s20260505 1 ValueError Edit has no measurable volume change

73 / 88 connecting_rod_000909_s20260505 exit 0 Rejected edit connecting_rod_000909_s20260505 0 ValueError Edit has no measurable volume change
Rejected edit connecting_rod_000909_s20260505 1 ValueError Edit has no measurable volume change

74 / 88 round_flange_000699_s20260505 exit 0 
75 / 88 impeller_000295_s20260505 exit 0 
76 / 88 bearing_retainer_cap_000254_s20260505 exit 0 
77 / 88 shaft_collar_000692_s20260505 exit 0 
78 / 88 wire_grid_011253_s20260505 exit 0 
79 / 88 handwheel_011393_s20260505 exit 0 
80 / 88 tee_nut_011947_s20260505 exit 0 
81 / 88 round_flange_000875_s20260505 exit 0 
82 / 88 propeller_010477_s20260505 exit 0 
83 / 88 spline_hub_012238_s20260505 exit 0 
84 / 88 rivet_001160_s20260505 exit 0 
85 / 88 rivet_012593_s20260505 exit 0 
86 / 88 nozzle_000640_s20260505 exit 0 
87 / 88 lobed_knob_000072_s20260505 exit 0 Rejected edit lobed_knob_000072_s20260505 0 ValueError Edit has no measurable volume change

88 / 88 f_bracket_000387_s20260505 exit 0 
