2026-09-16 12:27:55.188580: I tensorflow/core/util/port.cc:153] oneDNN custom operations are on. You may see slightly different numerical results due to floating-point round-off errors from different computation orders. To turn them off, set the environment variable `TF_ENABLE_ONEDNN_OPTS=0`.
2026-09-16 12:27:55.249333: I tensorflow/core/platform/cpu_feature_guard.cc:210] This TensorFlow binary is optimized to use available CPU instructions in performance-critical operations.
To enable the following instructions: AVX2 AVX512F AVX512_VNNI FMA, in other operations, rebuild TensorFlow with the appropriate compiler flags.
Sliding Window Attention is enabled but not implemented for `sdpa`; unexpected results may be encountered.
/usr/local/lib/python3.13/dist-packages/transformers/generation/configuration_utils.py:631: UserWarning: `do_sample` is set to `False`. However, `temperature` is set to `0.7` -- this flag is only used in sample-based generation modes. You should set `do_sample=True` or unset `temperature`.
  warnings.warn(
/usr/local/lib/python3.13/dist-packages/transformers/generation/configuration_utils.py:636: UserWarning: `do_sample` is set to `False`. However, `top_p` is set to `0.8` -- this flag is only used in sample-based generation modes. You should set `do_sample=True` or unset `top_p`.
  warnings.warn(
/usr/local/lib/python3.13/dist-packages/transformers/generation/configuration_utils.py:653: UserWarning: `do_sample` is set to `False`. However, `top_k` is set to `20` -- this flag is only used in sample-based generation modes. You should set `do_sample=True` or unset `top_k`.
  warnings.warn(
17 test-0006-3 True
17 test-0007-0 True
17 test-0001-1 True
17 test-0007-5 True
17 test-0004-2 True
17 test-0008-4 True
29 test-0006-3 True
29 test-0007-0 True
29 test-0001-1 True
29 test-0007-5 True
29 test-0004-2 True
29 test-0008-4 True
41 test-0006-3 True
41 test-0007-0 True
41 test-0001-1 True
41 test-0007-5 True
41 test-0004-2 True
41 test-0008-4 True
ADAPTER RELOAD VERIFIED
